Microsoft (R) Macro Assembler Version 6.11		    05/31/18 12:46:34
tempfile.asm						     Page 1 - 1


 0000				datas segment
 0000  0007 [			    buf db 7 dup('$')	;开辟7个字节的空间(包括Enter键和字符串结束符'$')
        24
       ]
 0007 0D 0A 24			    br db 0dh,0ah,'$'
 000A				datas ends

 0000				stacks segment
				    ;此处输入堆栈段代码
 0000				stacks ends

 0000				codes segment
				    assume cs:codes,ds:datas,ss:stacks
 0000				start:
 0000  B8 ---- R		    mov ax,datas
 0003  8E D8			    mov ds,ax
 0005				input:
 0005  8D 16 0000 R		    lea dx,buf ;设置dx,使字符串首地址=ds:dx
 0009  8B DA			    mov bx,dx
 000B  C6 07 06			    mov byte ptr[bx],6	;设置缓冲区字节数为5(不包括回车)
 000E  B4 0A			    mov ah,0ah
 0010  CD 21			    int 21h
 0012  8D 16 0007 R		    lea dx,br
 0016  B4 09			    mov ah,9
 0018  CD 21			    int 21h
 001A  8A 16 0001 R			mov dl,buf+1
 001E  B4 02			    mov ah,2
 0020  CD 21			    int 21h
 0022				exit:
 0022  B4 4C				mov ah,4ch
 0024  CD 21			    int 21h
 0026				codes ends
				    end start
				    
				;一个寄存器有两个字节


Microsoft (R) Macro Assembler Version 6.11		    05/31/18 12:46:34
tempfile.asm						     Symbols 2 - 1




Segments and Groups:

                N a m e                 Size     Length   Align   Combine Class

codes  . . . . . . . . . . . . .	16 Bit	 0026	  Para	  Private 
datas  . . . . . . . . . . . . .	16 Bit	 000A	  Para	  Private 
stacks . . . . . . . . . . . . .	16 Bit	 0000	  Para	  Private 


Symbols:

                N a m e                 Type     Value    Attr

br . . . . . . . . . . . . . . .	Byte	 0007	  datas	
buf  . . . . . . . . . . . . . .	Byte	 0000	  datas	
exit . . . . . . . . . . . . . .	L Near	 0022	  codes	
input  . . . . . . . . . . . . .	L Near	 0005	  codes	
start  . . . . . . . . . . . . .	L Near	 0000	  codes	

	   0 Warnings
	   0 Errors
